PS C:\Users\a125h\Desktop\git_challenge> echo "Hello, world!" > hello_world.txt
PS C:\Users\a125h\Desktop\git_challenge> git add .\hello_world.txt
PS C:\Users\a125h\Desktop\git_challenge> git status

No commits yet


PS C:\Users\a125h\Desktop\git_challenge> git commit -m "hello_world.txtを追加"
[main (root-commit) 594612c] hello_world.txtを追加
 1 file changed, 0 insertions(+), 0 deletions(-)
 create mode 100644 hello_world.txt
PS C:\Users\a125h\Desktop\git_challenge> git add .\hello_world.txt
PS C:\Users\a125h\Desktop\git_challenge> git status
  (use "git restore --staged <file>..." to unstage)
        modified:   hello_world.txt

PS C:\Users\a125h\Desktop\git_challenge> git commit -m "日本語訳を追記"
[main 1c13ceb] 日本語訳を追記
 1 file changed, 0 insertions(+), 0 deletions(-)
PS C:\Users\a125h\Desktop\git_challenge>
PS C:\Users\a125h\Desktop\git_challenge> git log --oneline
1c13ceb (HEAD -> main) 日本語訳を追記
594612c hello_world.txtを追加
PS C:\Users\a125h\Desktop\git_challenge> 