PS C:\Users\a125h\Desktop\git_challenge> git init
Initialized empty Git repository in C:/Users/a125h/Desktop/git_challenge/.git/
PS C:\Users\a125h\Desktop\git_challenge> echo "Hello, world!" > hello_world.txt
PS C:\Users\a125h\Desktop\git_challenge> git add .\hello_world.txt
PS C:\Users\a125h\Desktop\git_challenge> git status
On branch main

No commits yet

Changes to be committed:
  (use "git rm --cached <file>..." to unstage)
        new file:   hello_world.txt

PS C:\Users\a125h\Desktop\git_challenge> 
PS C:\Users\a125h\Desktop\git_challenge> git commit -m "hello_world.txtを追加"
[main (root-commit) b2d1748] hello_world.txtを追加
 1 file changed, 0 insertions(+), 0 deletions(-)
 create mode 100644 hello_world.txt
PS C:\Users\a125h\Desktop\git_challenge> cat .\hello_world.txt
Hello, world!
PS C:\Users\a125h\Desktop\git_challenge> echo "こんにちは、世界！" >> .\hello_world.txt
PS C:\Users\a125h\Desktop\git_challenge> cat .\hello_world.txt
Hello, world!
こんにちは、世界！
PS C:\Users\a125h\Desktop\git_challenge> git add .\hello_world.txt
PS C:\Users\a125h\Desktop\git_challenge> git status
On branch main
Changes to be committed:
  (use "git restore --staged <file>..." to unstage)
        modified:   hello_world.txt

PS C:\Users\a125h\Desktop\git_challenge>
PS C:\Users\a125h\Desktop\git_challenge> git commit -m "日本語訳を追記"
[main 58fa708] 日本語訳を追記
 1 file changed, 0 insertions(+), 0 deletions(-)
PS C:\Users\a125h\Desktop\git_challenge> git log --oneline
58fa708 (HEAD -> main) 日本語訳を追記
b2d1748 hello_world.txtを追加
PS C:\Users\a125h\Desktop\git_challenge>